
   FAIL  Tests\Unit\Services\ScheduleServiceTest
  ⨯ create single non recurring schedule creates one record
  ⨯ create group schedule validates shared service
  ⨯ generate batch number delegates to repository
  ⨯ update schedule updates single record
  ⨯ update schedule regenerates occurrences when recurrence type changes
  ⨯ delete schedule removes single record
  ⨯ delete schedule removes series if recurring

   FAIL  Tests\Feature\Therapist\ScheduleTest
  ⨯ therapist can view schedule calendar
  ⨯ non therapist cannot view schedule calendar
  ⨯ therapist can get schedules via ajax
  ⨯ schedule filters validation
  ⨯ therapist can create single schedule without ssa
  ⨯ therapist can create group schedule with multiple students
  ⨯ group schedule requires students to share service via ssa
  ⨯ group schedule allows shared additional services
  ⨯ therapist can update schedule billing status
  ⨯ therapist can view schedule create page
  ⨯ therapist can submit schedule form
  ⨯ therapist can create recurring schedule with occurrence count
  ⨯ therapist can view edit page
  ⨯ therapist cannot edit others schedule
  ⨯ therapist can update schedule details
  ⨯ therapist can delete schedule
  ────────────────────────────────────────────────────────────────────────────  
   FAILED  Tests\Unit\Services\ScheduleServiceTest > create…   QueryException   
  SQLSTATE[HY000] [2002] Operation not permitted (Connection: mysql, SQL: select exists (select 1 from information_schema.tables where table_schema = schema() and table_name = 'migrations' and table_type in ('BASE TABLE', 'SYSTEM VERSIONED')) as `exists`)

  at vendor/laravel/framework/src/Illuminate/Database/Connectors/Connector.php:67
     63▕     protected function createPdoConnection($dsn, $username, #[\SensitiveParameter] $password, $options)
     64▕     {
     65▕         return version_compare(phpversion(), '8.4.0', '<')
     66▕             ? new PDO($dsn, $username, $password, $options)
  ➜  67▕             : PDO::connect($dsn, $username, $password, $options); /** @phpstan-ignore staticMethod.notFound (PHP 8.4) */
     68▕     }
     69▕ 
     70▕     /**
     71▕      * Handle an exception that occurred during connect execution.


  ────────────────────────────────────────────────────────────────────────────  
   FAILED  Tests\Unit\Services\ScheduleServiceTest > create…   QueryException   
  SQLSTATE[HY000] [2002] Operation not permitted (Connection: mysql, SQL: select exists (select 1 from information_schema.tables where table_schema = schema() and table_name = 'migrations' and table_type in ('BASE TABLE', 'SYSTEM VERSIONED')) as `exists`)

  at vendor/laravel/framework/src/Illuminate/Database/Connectors/Connector.php:67
     63▕     protected function createPdoConnection($dsn, $username, #[\SensitiveParameter] $password, $options)
     64▕     {
     65▕         return version_compare(phpversion(), '8.4.0', '<')
     66▕             ? new PDO($dsn, $username, $password, $options)
  ➜  67▕             : PDO::connect($dsn, $username, $password, $options); /** @phpstan-ignore staticMethod.notFound (PHP 8.4) */
     68▕     }
     69▕ 
     70▕     /**
     71▕      * Handle an exception that occurred during connect execution.


  ────────────────────────────────────────────────────────────────────────────  
   FAILED  Tests\Unit\Services\ScheduleServiceTest > generat…  QueryException   
  SQLSTATE[HY000] [2002] Operation not permitted (Connection: mysql, SQL: select exists (select 1 from information_schema.tables where table_schema = schema() and table_name = 'migrations' and table_type in ('BASE TABLE', 'SYSTEM VERSIONED')) as `exists`)

  at vendor/laravel/framework/src/Illuminate/Database/Connectors/Connector.php:67
     63▕     protected function createPdoConnection($dsn, $username, #[\SensitiveParameter] $password, $options)
     64▕     {
     65▕         return version_compare(phpversion(), '8.4.0', '<')
     66▕             ? new PDO($dsn, $username, $password, $options)
  ➜  67▕             : PDO::connect($dsn, $username, $password, $options); /** @phpstan-ignore staticMethod.notFound (PHP 8.4) */
     68▕     }
     69▕ 
     70▕     /**
     71▕      * Handle an exception that occurred during connect execution.


  ────────────────────────────────────────────────────────────────────────────  
   FAILED  Tests\Unit\Services\ScheduleServiceTest > update…   QueryException   
  SQLSTATE[HY000] [2002] Operation not permitted (Connection: mysql, SQL: select exists (select 1 from information_schema.tables where table_schema = schema() and table_name = 'migrations' and table_type in ('BASE TABLE', 'SYSTEM VERSIONED')) as `exists`)

  at vendor/laravel/framework/src/Illuminate/Database/Connectors/Connector.php:67
     63▕     protected function createPdoConnection($dsn, $username, #[\SensitiveParameter] $password, $options)
     64▕     {
     65▕         return version_compare(phpversion(), '8.4.0', '<')
     66▕             ? new PDO($dsn, $username, $password, $options)
  ➜  67▕             : PDO::connect($dsn, $username, $password, $options); /** @phpstan-ignore staticMethod.notFound (PHP 8.4) */
     68▕     }
     69▕ 
     70▕     /**
     71▕      * Handle an exception that occurred during connect execution.


  ────────────────────────────────────────────────────────────────────────────  
   FAILED  Tests\Unit\Services\ScheduleServiceTest > update…   QueryException   
  SQLSTATE[HY000] [2002] Operation not permitted (Connection: mysql, SQL: select exists (select 1 from information_schema.tables where table_schema = schema() and table_name = 'migrations' and table_type in ('BASE TABLE', 'SYSTEM VERSIONED')) as `exists`)

  at vendor/laravel/framework/src/Illuminate/Database/Connectors/Connector.php:67
     63▕     protected function createPdoConnection($dsn, $username, #[\SensitiveParameter] $password, $options)
     64▕     {
     65▕         return version_compare(phpversion(), '8.4.0', '<')
     66▕             ? new PDO($dsn, $username, $password, $options)
  ➜  67▕             : PDO::connect($dsn, $username, $password, $options); /** @phpstan-ignore staticMethod.notFound (PHP 8.4) */
     68▕     }
     69▕ 
     70▕     /**
     71▕      * Handle an exception that occurred during connect execution.


  ────────────────────────────────────────────────────────────────────────────  
   FAILED  Tests\Unit\Services\ScheduleServiceTest > delete…   QueryException   
  SQLSTATE[HY000] [2002] Operation not permitted (Connection: mysql, SQL: select exists (select 1 from information_schema.tables where table_schema = schema() and table_name = 'migrations' and table_type in ('BASE TABLE', 'SYSTEM VERSIONED')) as `exists`)

  at vendor/laravel/framework/src/Illuminate/Database/Connectors/Connector.php:67
     63▕     protected function createPdoConnection($dsn, $username, #[\SensitiveParameter] $password, $options)
     64▕     {
     65▕         return version_compare(phpversion(), '8.4.0', '<')
     66▕             ? new PDO($dsn, $username, $password, $options)
  ➜  67▕             : PDO::connect($dsn, $username, $password, $options); /** @phpstan-ignore staticMethod.notFound (PHP 8.4) */
     68▕     }
     69▕ 
     70▕     /**
     71▕      * Handle an exception that occurred during connect execution.


  ────────────────────────────────────────────────────────────────────────────  
   FAILED  Tests\Unit\Services\ScheduleServiceTest > delete…   QueryException   
  SQLSTATE[HY000] [2002] Operation not permitted (Connection: mysql, SQL: select exists (select 1 from information_schema.tables where table_schema = schema() and table_name = 'migrations' and table_type in ('BASE TABLE', 'SYSTEM VERSIONED')) as `exists`)

  at vendor/laravel/framework/src/Illuminate/Database/Connectors/Connector.php:67
     63▕     protected function createPdoConnection($dsn, $username, #[\SensitiveParameter] $password, $options)
     64▕     {
     65▕         return version_compare(phpversion(), '8.4.0', '<')
     66▕             ? new PDO($dsn, $username, $password, $options)
  ➜  67▕             : PDO::connect($dsn, $username, $password, $options); /** @phpstan-ignore staticMethod.notFound (PHP 8.4) */
     68▕     }
     69▕ 
     70▕     /**
     71▕      * Handle an exception that occurred during connect execution.


  ────────────────────────────────────────────────────────────────────────────  
   FAILED  Tests\Feature\Therapist\ScheduleTest > therapist…   QueryException   
  SQLSTATE[HY000] [2002] Operation not permitted (Connection: mysql, SQL: select exists (select 1 from information_schema.tables where table_schema = schema() and table_name = 'migrations' and table_type in ('BASE TABLE', 'SYSTEM VERSIONED')) as `exists`)

  at vendor/laravel/framework/src/Illuminate/Database/Connectors/Connector.php:67
     63▕     protected function createPdoConnection($dsn, $username, #[\SensitiveParameter] $password, $options)
     64▕     {
     65▕         return version_compare(phpversion(), '8.4.0', '<')
     66▕             ? new PDO($dsn, $username, $password, $options)
  ➜  67▕             : PDO::connect($dsn, $username, $password, $options); /** @phpstan-ignore staticMethod.notFound (PHP 8.4) */
     68▕     }
     69▕ 
     70▕     /**
     71▕      * Handle an exception that occurred during connect execution.


  ────────────────────────────────────────────────────────────────────────────  
   FAILED  Tests\Feature\Therapist\ScheduleTest > non therap…  QueryException   
  SQLSTATE[HY000] [2002] Operation not permitted (Connection: mysql, SQL: select exists (select 1 from information_schema.tables where table_schema = schema() and table_name = 'migrations' and table_type in ('BASE TABLE', 'SYSTEM VERSIONED')) as `exists`)

  at vendor/laravel/framework/src/Illuminate/Database/Connectors/Connector.php:67
     63▕     protected function createPdoConnection($dsn, $username, #[\SensitiveParameter] $password, $options)
     64▕     {
     65▕         return version_compare(phpversion(), '8.4.0', '<')
     66▕             ? new PDO($dsn, $username, $password, $options)
  ➜  67▕             : PDO::connect($dsn, $username, $password, $options); /** @phpstan-ignore staticMethod.notFound (PHP 8.4) */
     68▕     }
     69▕ 
     70▕     /**
     71▕      * Handle an exception that occurred during connect execution.


  ────────────────────────────────────────────────────────────────────────────  
   FAILED  Tests\Feature\Therapist\ScheduleTest > therapist…   QueryException   
  SQLSTATE[HY000] [2002] Operation not permitted (Connection: mysql, SQL: select exists (select 1 from information_schema.tables where table_schema = schema() and table_name = 'migrations' and table_type in ('BASE TABLE', 'SYSTEM VERSIONED')) as `exists`)

  at vendor/laravel/framework/src/Illuminate/Database/Connectors/Connector.php:67
     63▕     protected function createPdoConnection($dsn, $username, #[\SensitiveParameter] $password, $options)
     64▕     {
     65▕         return version_compare(phpversion(), '8.4.0', '<')
     66▕             ? new PDO($dsn, $username, $password, $options)
  ➜  67▕             : PDO::connect($dsn, $username, $password, $options); /** @phpstan-ignore staticMethod.notFound (PHP 8.4) */
     68▕     }
     69▕ 
     70▕     /**
     71▕      * Handle an exception that occurred during connect execution.


  ────────────────────────────────────────────────────────────────────────────  
   FAILED  Tests\Feature\Therapist\ScheduleTest > schedule f…  QueryException   
  SQLSTATE[HY000] [2002] Operation not permitted (Connection: mysql, SQL: select exists (select 1 from information_schema.tables where table_schema = schema() and table_name = 'migrations' and table_type in ('BASE TABLE', 'SYSTEM VERSIONED')) as `exists`)

  at vendor/laravel/framework/src/Illuminate/Database/Connectors/Connector.php:67
     63▕     protected function createPdoConnection($dsn, $username, #[\SensitiveParameter] $password, $options)
     64▕     {
     65▕         return version_compare(phpversion(), '8.4.0', '<')
     66▕             ? new PDO($dsn, $username, $password, $options)
  ➜  67▕             : PDO::connect($dsn, $username, $password, $options); /** @phpstan-ignore staticMethod.notFound (PHP 8.4) */
     68▕     }
     69▕ 
     70▕     /**
     71▕      * Handle an exception that occurred during connect execution.


  ────────────────────────────────────────────────────────────────────────────  
   FAILED  Tests\Feature\Therapist\ScheduleTest > therapist…   QueryException   
  SQLSTATE[HY000] [2002] Operation not permitted (Connection: mysql, SQL: select exists (select 1 from information_schema.tables where table_schema = schema() and table_name = 'migrations' and table_type in ('BASE TABLE', 'SYSTEM VERSIONED')) as `exists`)

  at vendor/laravel/framework/src/Illuminate/Database/Connectors/Connector.php:67
     63▕     protected function createPdoConnection($dsn, $username, #[\SensitiveParameter] $password, $options)
     64▕     {
     65▕         return version_compare(phpversion(), '8.4.0', '<')
     66▕             ? new PDO($dsn, $username, $password, $options)
  ➜  67▕             : PDO::connect($dsn, $username, $password, $options); /** @phpstan-ignore staticMethod.notFound (PHP 8.4) */
     68▕     }
     69▕ 
     70▕     /**
     71▕      * Handle an exception that occurred during connect execution.


  ────────────────────────────────────────────────────────────────────────────  
   FAILED  Tests\Feature\Therapist\ScheduleTest > therapist…   QueryException   
  SQLSTATE[HY000] [2002] Operation not permitted (Connection: mysql, SQL: select exists (select 1 from information_schema.tables where table_schema = schema() and table_name = 'migrations' and table_type in ('BASE TABLE', 'SYSTEM VERSIONED')) as `exists`)

  at vendor/laravel/framework/src/Illuminate/Database/Connectors/Connector.php:67
     63▕     protected function createPdoConnection($dsn, $username, #[\SensitiveParameter] $password, $options)
     64▕     {
     65▕         return version_compare(phpversion(), '8.4.0', '<')
     66▕             ? new PDO($dsn, $username, $password, $options)
  ➜  67▕             : PDO::connect($dsn, $username, $password, $options); /** @phpstan-ignore staticMethod.notFound (PHP 8.4) */
     68▕     }
     69▕ 
     70▕     /**
     71▕      * Handle an exception that occurred during connect execution.


  ────────────────────────────────────────────────────────────────────────────  
   FAILED  Tests\Feature\Therapist\ScheduleTest > group sche…  QueryException   
  SQLSTATE[HY000] [2002] Operation not permitted (Connection: mysql, SQL: select exists (select 1 from information_schema.tables where table_schema = schema() and table_name = 'migrations' and table_type in ('BASE TABLE', 'SYSTEM VERSIONED')) as `exists`)

  at vendor/laravel/framework/src/Illuminate/Database/Connectors/Connector.php:67
     63▕     protected function createPdoConnection($dsn, $username, #[\SensitiveParameter] $password, $options)
     64▕     {
     65▕         return version_compare(phpversion(), '8.4.0', '<')
     66▕             ? new PDO($dsn, $username, $password, $options)
  ➜  67▕             : PDO::connect($dsn, $username, $password, $options); /** @phpstan-ignore staticMethod.notFound (PHP 8.4) */
     68▕     }
     69▕ 
     70▕     /**
     71▕      * Handle an exception that occurred during connect execution.


  ────────────────────────────────────────────────────────────────────────────  
   FAILED  Tests\Feature\Therapist\ScheduleTest > group sche…  QueryException   
  SQLSTATE[HY000] [2002] Operation not permitted (Connection: mysql, SQL: select exists (select 1 from information_schema.tables where table_schema = schema() and table_name = 'migrations' and table_type in ('BASE TABLE', 'SYSTEM VERSIONED')) as `exists`)

  at vendor/laravel/framework/src/Illuminate/Database/Connectors/Connector.php:67
     63▕     protected function createPdoConnection($dsn, $username, #[\SensitiveParameter] $password, $options)
     64▕     {
     65▕         return version_compare(phpversion(), '8.4.0', '<')
     66▕             ? new PDO($dsn, $username, $password, $options)
  ➜  67▕             : PDO::connect($dsn, $username, $password, $options); /** @phpstan-ignore staticMethod.notFound (PHP 8.4) */
     68▕     }
     69▕ 
     70▕     /**
     71▕      * Handle an exception that occurred during connect execution.


  ────────────────────────────────────────────────────────────────────────────  
   FAILED  Tests\Feature\Therapist\ScheduleTest > therapist…   QueryException   
  SQLSTATE[HY000] [2002] Operation not permitted (Connection: mysql, SQL: select exists (select 1 from information_schema.tables where table_schema = schema() and table_name = 'migrations' and table_type in ('BASE TABLE', 'SYSTEM VERSIONED')) as `exists`)

  at vendor/laravel/framework/src/Illuminate/Database/Connectors/Connector.php:67
     63▕     protected function createPdoConnection($dsn, $username, #[\SensitiveParameter] $password, $options)
     64▕     {
     65▕         return version_compare(phpversion(), '8.4.0', '<')
     66▕             ? new PDO($dsn, $username, $password, $options)
  ➜  67▕             : PDO::connect($dsn, $username, $password, $options); /** @phpstan-ignore staticMethod.notFound (PHP 8.4) */
     68▕     }
     69▕ 
     70▕     /**
     71▕      * Handle an exception that occurred during connect execution.


  ────────────────────────────────────────────────────────────────────────────  
   FAILED  Tests\Feature\Therapist\ScheduleTest > therapist…   QueryException   
  SQLSTATE[HY000] [2002] Operation not permitted (Connection: mysql, SQL: select exists (select 1 from information_schema.tables where table_schema = schema() and table_name = 'migrations' and table_type in ('BASE TABLE', 'SYSTEM VERSIONED')) as `exists`)

  at vendor/laravel/framework/src/Illuminate/Database/Connectors/Connector.php:67
     63▕     protected function createPdoConnection($dsn, $username, #[\SensitiveParameter] $password, $options)
     64▕     {
     65▕         return version_compare(phpversion(), '8.4.0', '<')
     66▕             ? new PDO($dsn, $username, $password, $options)
  ➜  67▕             : PDO::connect($dsn, $username, $password, $options); /** @phpstan-ignore staticMethod.notFound (PHP 8.4) */
     68▕     }
     69▕ 
     70▕     /**
     71▕      * Handle an exception that occurred during connect execution.


  ────────────────────────────────────────────────────────────────────────────  
   FAILED  Tests\Feature\Therapist\ScheduleTest > therapist…   QueryException   
  SQLSTATE[HY000] [2002] Operation not permitted (Connection: mysql, SQL: select exists (select 1 from information_schema.tables where table_schema = schema() and table_name = 'migrations' and table_type in ('BASE TABLE', 'SYSTEM VERSIONED')) as `exists`)

  at vendor/laravel/framework/src/Illuminate/Database/Connectors/Connector.php:67
     63▕     protected function createPdoConnection($dsn, $username, #[\SensitiveParameter] $password, $options)
     64▕     {
     65▕         return version_compare(phpversion(), '8.4.0', '<')
     66▕             ? new PDO($dsn, $username, $password, $options)
  ➜  67▕             : PDO::connect($dsn, $username, $password, $options); /** @phpstan-ignore staticMethod.notFound (PHP 8.4) */
     68▕     }
     69▕ 
     70▕     /**
     71▕      * Handle an exception that occurred during connect execution.


  ────────────────────────────────────────────────────────────────────────────  
   FAILED  Tests\Feature\Therapist\ScheduleTest > therapist…   QueryException   
  SQLSTATE[HY000] [2002] Operation not permitted (Connection: mysql, SQL: select exists (select 1 from information_schema.tables where table_schema = schema() and table_name = 'migrations' and table_type in ('BASE TABLE', 'SYSTEM VERSIONED')) as `exists`)

  at vendor/laravel/framework/src/Illuminate/Database/Connectors/Connector.php:67
     63▕     protected function createPdoConnection($dsn, $username, #[\SensitiveParameter] $password, $options)
     64▕     {
     65▕         return version_compare(phpversion(), '8.4.0', '<')
     66▕             ? new PDO($dsn, $username, $password, $options)
  ➜  67▕             : PDO::connect($dsn, $username, $password, $options); /** @phpstan-ignore staticMethod.notFound (PHP 8.4) */
     68▕     }
     69▕ 
     70▕     /**
     71▕      * Handle an exception that occurred during connect execution.


  ────────────────────────────────────────────────────────────────────────────  
   FAILED  Tests\Feature\Therapist\ScheduleTest > therapist…   QueryException   
  SQLSTATE[HY000] [2002] Operation not permitted (Connection: mysql, SQL: select exists (select 1 from information_schema.tables where table_schema = schema() and table_name = 'migrations' and table_type in ('BASE TABLE', 'SYSTEM VERSIONED')) as `exists`)

  at vendor/laravel/framework/src/Illuminate/Database/Connectors/Connector.php:67
     63▕     protected function createPdoConnection($dsn, $username, #[\SensitiveParameter] $password, $options)
     64▕     {
     65▕         return version_compare(phpversion(), '8.4.0', '<')
     66▕             ? new PDO($dsn, $username, $password, $options)
  ➜  67▕             : PDO::connect($dsn, $username, $password, $options); /** @phpstan-ignore staticMethod.notFound (PHP 8.4) */
     68▕     }
     69▕ 
     70▕     /**
     71▕      * Handle an exception that occurred during connect execution.


  ────────────────────────────────────────────────────────────────────────────  
   FAILED  Tests\Feature\Therapist\ScheduleTest > therapist…   QueryException   
  SQLSTATE[HY000] [2002] Operation not permitted (Connection: mysql, SQL: select exists (select 1 from information_schema.tables where table_schema = schema() and table_name = 'migrations' and table_type in ('BASE TABLE', 'SYSTEM VERSIONED')) as `exists`)

  at vendor/laravel/framework/src/Illuminate/Database/Connectors/Connector.php:67
     63▕     protected function createPdoConnection($dsn, $username, #[\SensitiveParameter] $password, $options)
     64▕     {
     65▕         return version_compare(phpversion(), '8.4.0', '<')
     66▕             ? new PDO($dsn, $username, $password, $options)
  ➜  67▕             : PDO::connect($dsn, $username, $password, $options); /** @phpstan-ignore staticMethod.notFound (PHP 8.4) */
     68▕     }
     69▕ 
     70▕     /**
     71▕      * Handle an exception that occurred during connect execution.


  ────────────────────────────────────────────────────────────────────────────  
   FAILED  Tests\Feature\Therapist\ScheduleTest > therapist…   QueryException   
  SQLSTATE[HY000] [2002] Operation not permitted (Connection: mysql, SQL: select exists (select 1 from information_schema.tables where table_schema = schema() and table_name = 'migrations' and table_type in ('BASE TABLE', 'SYSTEM VERSIONED')) as `exists`)

  at vendor/laravel/framework/src/Illuminate/Database/Connectors/Connector.php:67
     63▕     protected function createPdoConnection($dsn, $username, #[\SensitiveParameter] $password, $options)
     64▕     {
     65▕         return version_compare(phpversion(), '8.4.0', '<')
     66▕             ? new PDO($dsn, $username, $password, $options)
  ➜  67▕             : PDO::connect($dsn, $username, $password, $options); /** @phpstan-ignore staticMethod.notFound (PHP 8.4) */
     68▕     }
     69▕ 
     70▕     /**
     71▕      * Handle an exception that occurred during connect execution.


  ────────────────────────────────────────────────────────────────────────────  
   FAILED  Tests\Feature\Therapist\ScheduleTest > therapist…   QueryException   
  SQLSTATE[HY000] [2002] Operation not permitted (Connection: mysql, SQL: select exists (select 1 from information_schema.tables where table_schema = schema() and table_name = 'migrations' and table_type in ('BASE TABLE', 'SYSTEM VERSIONED')) as `exists`)

  at vendor/laravel/framework/src/Illuminate/Database/Connectors/Connector.php:67
     63▕     protected function createPdoConnection($dsn, $username, #[\SensitiveParameter] $password, $options)
     64▕     {
     65▕         return version_compare(phpversion(), '8.4.0', '<')
     66▕             ? new PDO($dsn, $username, $password, $options)
  ➜  67▕             : PDO::connect($dsn, $username, $password, $options); /** @phpstan-ignore staticMethod.notFound (PHP 8.4) */
     68▕     }
     69▕ 
     70▕     /**
     71▕      * Handle an exception that occurred during connect execution.



  Tests:    23 failed (0 assertions)
  Duration: 0.93s

